// Jest Snapshot v1, https://goo.gl/fbAQLP

exports[`BSStarterTemplate renders correctly 1`] = `
<div
  id="bs-starter-template"
>
  <Navbar
    brand="Navbar"
    navItems={
      Array [
        Object {
          "href": "/",
          "liClass": "active",
          "text": "Home",
        },
        Object {
          "href": "/",
          "text": "Link",
        },
        Object {
          "aClass": "disabled",
          "href": "#",
          "text": "Disabled",
        },
      ]
    }
  />
  <main
    className="container"
  >
    <div
      className="starter-template"
    >
      <h1>
        Bootstrap starter template
      </h1>
      <p
        className="lead"
      >
        Use this document as a way to quickly start any new project.
        <br />
        All you get is this text and a mostly barebones HTML document.
      </p>
    </div>
  </main>
</div>
`;
