// Jest Snapshot v1, https://goo.gl/fbAQLP

exports[`Counter component renders correctly 1`] = `
<div>
  <b />
  <p>
    Clicked: 
    0
     times
  </p>
  <button
    onClick={[Function]}
  >
    +
  </button>
  <button
    onClick={[Function]}
  >
    -
  </button>
  <button
    onClick={[Function]}
  >
    Increment if odd
  </button>
  <button
    onClick={[Function]}
  >
    Increment async
  </button>
</div>
`;
